// Jest Snapshot v1, https://goo.gl/fbAQLP

exports[`assert render correctly 1`] = `
<div
  className="add-monster-card-container"
>
  <div
    className="add-monster-card"
    onClick={[Function]}
  >
    <svg
      className="remixicon-icon add-monster-card-plus-icon"
      fill="currentColor"
      height={24}
      viewBox="0 0 24 24"
      width={24}
    >
      <path
        d="M11 11V5h2v6h6v2h-6v6h-2v-6H5v-2z"
      />
    </svg>
  </div>
</div>
`;
